<?xml version="1.0"?>
<JDepend>
    <Packages>

        <Package name="bcel">
            <Stats>
                <TotalClasses>3</TotalClasses>
                <ConcreteClasses>3</ConcreteClasses>
                <AbstractClasses>0</AbstractClasses>
                <Ca>0</Ca>
                <Ce>6</Ce>
                <A>0</A>
                <I>1</I>
                <D>0</D>
                <V>1</V>
            </Stats>

            <AbstractClasses>
            </AbstractClasses>

            <ConcreteClasses>
                <Class sourceFile="Drivers.java">
                    bcel.Drivers
                </Class>
                <Class sourceFile="Group.java">
                    bcel.Group
                </Class>
                <Class sourceFile="LCOM4Calculation.java">
                    bcel.LCOM4Calculation
                </Class>
            </ConcreteClasses>

            <DependsUpon>
                <Package>java.io</Package>
                <Package>java.lang</Package>
                <Package>java.lang.invoke</Package>
                <Package>java.util</Package>
                <Package>org.apache.bcel.classfile</Package>
                <Package>org.apache.bcel.generic</Package>
            </DependsUpon>

            <UsedBy>
            </UsedBy>
        </Package>

        <Package name="ckjm">
            <Stats>
                <TotalClasses>2</TotalClasses>
                <ConcreteClasses>2</ConcreteClasses>
                <AbstractClasses>0</AbstractClasses>
                <Ca>0</Ca>
                <Ce>6</Ce>
                <A>0</A>
                <I>1</I>
                <D>0</D>
                <V>1</V>
            </Stats>

            <AbstractClasses>
            </AbstractClasses>

            <ConcreteClasses>
                <Class sourceFile="MetricsFilterTest.java">
                    ckjm.MetricsFilterTest
                </Class>
                <Class sourceFile="MetricsFilterTest.java">
                    ckjm.MetricsFilterTest$1
                </Class>
            </ConcreteClasses>

            <DependsUpon>
                <Package>gr.spinellis.ckjm</Package>
                <Package>java.io</Package>
                <Package>java.lang</Package>
                <Package>java.lang.invoke</Package>
                <Package>java.util.concurrent</Package>
                <Package>java.util.concurrent.atomic</Package>
            </DependsUpon>

            <UsedBy>
            </UsedBy>
        </Package>

        <Package name="gr.spinellis.ckjm">
            <error>No stats available: package referenced, but not analyzed.</error>
        </Package>

        <Package name="java.io">
            <error>No stats available: package referenced, but not analyzed.</error>
        </Package>

        <Package name="java.lang">
            <error>No stats available: package referenced, but not analyzed.</error>
        </Package>

        <Package name="java.lang.invoke">
            <error>No stats available: package referenced, but not analyzed.</error>
        </Package>

        <Package name="java.util">
            <error>No stats available: package referenced, but not analyzed.</error>
        </Package>

        <Package name="java.util.concurrent">
            <error>No stats available: package referenced, but not analyzed.</error>
        </Package>

        <Package name="java.util.concurrent.atomic">
            <error>No stats available: package referenced, but not analyzed.</error>
        </Package>

        <Package name="jdepend">
            <Stats>
                <TotalClasses>1</TotalClasses>
                <ConcreteClasses>1</ConcreteClasses>
                <AbstractClasses>0</AbstractClasses>
                <Ca>0</Ca>
                <Ce>4</Ce>
                <A>0</A>
                <I>1</I>
                <D>0</D>
                <V>1</V>
            </Stats>

            <AbstractClasses>
            </AbstractClasses>

            <ConcreteClasses>
                <Class sourceFile="TestJedepend.java">
                    jdepend.TestJedepend
                </Class>
            </ConcreteClasses>

            <DependsUpon>
                <Package>java.io</Package>
                <Package>java.lang</Package>
                <Package>jdepend.framework</Package>
                <Package>jdepend.xmlui</Package>
            </DependsUpon>

            <UsedBy>
            </UsedBy>
        </Package>

        <Package name="jdepend.framework">
            <error>No stats available: package referenced, but not analyzed.</error>
        </Package>

        <Package name="jdepend.xmlui">
            <error>No stats available: package referenced, but not analyzed.</error>
        </Package>

        <Package name="org.apache.bcel.classfile">
            <error>No stats available: package referenced, but not analyzed.</error>
        </Package>

        <Package name="org.apache.bcel.generic">
            <error>No stats available: package referenced, but not analyzed.</error>
        </Package>
    </Packages>

    <Cycles>
    </Cycles>
</JDepend>
